> Task :gradle:checkKotlinGradlePluginConfigurationErrors SKIPPED
> Task :gradle:compileKotlin UP-TO-DATE
> Task :gradle:compileJava NO-SOURCE
> Task :gradle:compileGroovy NO-SOURCE
> Task :gradle:pluginDescriptors UP-TO-DATE
> Task :gradle:processResources UP-TO-DATE
> Task :gradle:classes UP-TO-DATE
> Task :gradle:jar UP-TO-DATE
> Task :app:checkKotlinGradlePluginConfigurationErrors SKIPPED
> Task :app:compileFlutterBuildDevDebug
> Task :app:packJniLibsflutterBuildDevDebug UP-TO-DATE
> Task :app:preBuild UP-TO-DATE
> Task :app:preDevDebugBuild UP-TO-DATE
> Task :app_links:preBuild UP-TO-DATE
> Task :app_links:preDebugBuild UP-TO-DATE
> Task :app_links:writeDebugAarMetadata UP-TO-DATE
> Task :croppy:preBuild UP-TO-DATE
> Task :croppy:preDebugBuild UP-TO-DATE
> Task :croppy:writeDebugAarMetadata UP-TO-DATE
> Task :flutter_contacts:preBuild UP-TO-DATE
> Task :flutter_contacts:preDebugBuild UP-TO-DATE
> Task :flutter_contacts:writeDebugAarMetadata UP-TO-DATE
> Task :flutter_image_compress_common:preBuild UP-TO-DATE
> Task :flutter_image_compress_common:preDebugBuild UP-TO-DATE
> Task :flutter_image_compress_common:writeDebugAarMetadata UP-TO-DATE
> Task :flutter_localization:preBuild UP-TO-DATE
> Task :flutter_localization:preDebugBuild UP-TO-DATE
> Task :flutter_localization:writeDebugAarMetadata UP-TO-DATE
> Task :flutter_plugin_android_lifecycle:preBuild UP-TO-DATE
> Task :flutter_plugin_android_lifecycle:preDebugBuild UP-TO-DATE
> Task :flutter_plugin_android_lifecycle:writeDebugAarMetadata UP-TO-DATE
> Task :flutter_secure_storage:preBuild UP-TO-DATE
> Task :flutter_secure_storage:preDebugBuild UP-TO-DATE
> Task :flutter_secure_storage:writeDebugAarMetadata UP-TO-DATE
> Task :google_mobile_ads:preBuild UP-TO-DATE
> Task :google_mobile_ads:preDebugBuild UP-TO-DATE
> Task :google_mobile_ads:writeDebugAarMetadata UP-TO-DATE
> Task :google_sign_in_android:preBuild UP-TO-DATE
> Task :google_sign_in_android:preDebugBuild UP-TO-DATE
> Task :google_sign_in_android:writeDebugAarMetadata UP-TO-DATE
> Task :home_widget:preBuild UP-TO-DATE
> Task :home_widget:preDebugBuild UP-TO-DATE
> Task :home_widget:writeDebugAarMetadata UP-TO-DATE
> Task :image_picker_android:preBuild UP-TO-DATE
> Task :image_picker_android:preDebugBuild UP-TO-DATE
> Task :image_picker_android:writeDebugAarMetadata UP-TO-DATE
> Task :jni:preBuild UP-TO-DATE
> Task :jni:preDebugBuild UP-TO-DATE
> Task :jni:writeDebugAarMetadata UP-TO-DATE
> Task :open_filex:preBuild UP-TO-DATE
> Task :open_filex:preDebugBuild UP-TO-DATE
> Task :open_filex:writeDebugAarMetadata UP-TO-DATE
> Task :package_info_plus:preBuild UP-TO-DATE
> Task :package_info_plus:preDebugBuild UP-TO-DATE
> Task :package_info_plus:writeDebugAarMetadata UP-TO-DATE
> Task :path_provider_android:preBuild UP-TO-DATE
> Task :path_provider_android:preDebugBuild UP-TO-DATE
> Task :path_provider_android:writeDebugAarMetadata UP-TO-DATE
> Task :permission_handler_android:preBuild UP-TO-DATE
> Task :permission_handler_android:preDebugBuild UP-TO-DATE
> Task :permission_handler_android:writeDebugAarMetadata UP-TO-DATE
> Task :sentry_flutter:preBuild UP-TO-DATE
> Task :sentry_flutter:preDebugBuild UP-TO-DATE
> Task :sentry_flutter:writeDebugAarMetadata UP-TO-DATE
> Task :share_plus:preBuild UP-TO-DATE
> Task :share_plus:preDebugBuild UP-TO-DATE
> Task :share_plus:writeDebugAarMetadata UP-TO-DATE
> Task :shared_preferences_android:preBuild UP-TO-DATE
> Task :shared_preferences_android:preDebugBuild UP-TO-DATE
> Task :shared_preferences_android:writeDebugAarMetadata UP-TO-DATE
> Task :speech_to_text:preBuild UP-TO-DATE
> Task :speech_to_text:preDebugBuild UP-TO-DATE
> Task :speech_to_text:writeDebugAarMetadata UP-TO-DATE
> Task :sqflite_android:preBuild UP-TO-DATE
> Task :sqflite_android:preDebugBuild UP-TO-DATE
> Task :sqflite_android:writeDebugAarMetadata UP-TO-DATE
> Task :uri_content:preBuild UP-TO-DATE
> Task :uri_content:preDebugBuild UP-TO-DATE
> Task :uri_content:writeDebugAarMetadata UP-TO-DATE
> Task :url_launcher_android:preBuild UP-TO-DATE
> Task :url_launcher_android:preDebugBuild UP-TO-DATE
> Task :url_launcher_android:writeDebugAarMetadata UP-TO-DATE
> Task :webview_flutter_android:preBuild UP-TO-DATE
> Task :webview_flutter_android:preDebugBuild UP-TO-DATE
> Task :webview_flutter_android:writeDebugAarMetadata UP-TO-DATE
> Task :app:checkDevDebugAarMetadata UP-TO-DATE
> Task :app:cleanMergeDevDebugAssets
> Task :app:mergeDevDebugShaders UP-TO-DATE
> Task :app:compileDevDebugShaders NO-SOURCE
> Task :app:generateDevDebugAssets UP-TO-DATE
> Task :app_links:mergeDebugShaders UP-TO-DATE
> Task :app_links:compileDebugShaders NO-SOURCE
> Task :app_links:generateDebugAssets UP-TO-DATE
> Task :app_links:mergeDebugAssets UP-TO-DATE
> Task :croppy:mergeDebugShaders UP-TO-DATE
> Task :croppy:compileDebugShaders NO-SOURCE
> Task :croppy:generateDebugAssets UP-TO-DATE
> Task :croppy:mergeDebugAssets UP-TO-DATE
> Task :flutter_contacts:mergeDebugShaders UP-TO-DATE
> Task :flutter_contacts:compileDebugShaders NO-SOURCE
> Task :flutter_contacts:generateDebugAssets UP-TO-DATE
> Task :flutter_contacts:mergeDebugAssets UP-TO-DATE
> Task :flutter_image_compress_common:mergeDebugShaders UP-TO-DATE
> Task :flutter_image_compress_common:compileDebugShaders NO-SOURCE
> Task :flutter_image_compress_common:generateDebugAssets UP-TO-DATE
> Task :flutter_image_compress_common:mergeDebugAssets UP-TO-DATE
> Task :flutter_localization:mergeDebugShaders UP-TO-DATE
> Task :flutter_localization:compileDebugShaders NO-SOURCE
> Task :flutter_localization:generateDebugAssets UP-TO-DATE
> Task :flutter_localization:mergeDebugAssets UP-TO-DATE
> Task :flutter_plugin_android_lifecycle:mergeDebugShaders UP-TO-DATE
> Task :flutter_plugin_android_lifecycle:compileDebugShaders NO-SOURCE
> Task :flutter_plugin_android_lifecycle:generateDebugAssets UP-TO-DATE
> Task :flutter_plugin_android_lifecycle:mergeDebugAssets UP-TO-DATE
> Task :flutter_secure_storage:mergeDebugShaders UP-TO-DATE
> Task :flutter_secure_storage:compileDebugShaders NO-SOURCE
> Task :flutter_secure_storage:generateDebugAssets UP-TO-DATE
> Task :flutter_secure_storage:mergeDebugAssets UP-TO-DATE
> Task :google_mobile_ads:mergeDebugShaders UP-TO-DATE
> Task :google_mobile_ads:compileDebugShaders NO-SOURCE
> Task :google_mobile_ads:generateDebugAssets UP-TO-DATE
> Task :google_mobile_ads:mergeDebugAssets UP-TO-DATE
> Task :google_sign_in_android:mergeDebugShaders UP-TO-DATE
> Task :google_sign_in_android:compileDebugShaders NO-SOURCE
> Task :google_sign_in_android:generateDebugAssets UP-TO-DATE
> Task :google_sign_in_android:mergeDebugAssets UP-TO-DATE
> Task :home_widget:mergeDebugShaders UP-TO-DATE
> Task :home_widget:compileDebugShaders NO-SOURCE
> Task :home_widget:generateDebugAssets UP-TO-DATE
> Task :home_widget:mergeDebugAssets UP-TO-DATE
> Task :image_picker_android:mergeDebugShaders UP-TO-DATE
> Task :image_picker_android:compileDebugShaders NO-SOURCE
> Task :image_picker_android:generateDebugAssets UP-TO-DATE
> Task :image_picker_android:mergeDebugAssets UP-TO-DATE
> Task :jni:mergeDebugShaders UP-TO-DATE
> Task :jni:compileDebugShaders NO-SOURCE
> Task :jni:generateDebugAssets UP-TO-DATE
> Task :jni:mergeDebugAssets UP-TO-DATE
> Task :open_filex:mergeDebugShaders UP-TO-DATE
> Task :open_filex:compileDebugShaders NO-SOURCE
> Task :open_filex:generateDebugAssets UP-TO-DATE
> Task :open_filex:mergeDebugAssets UP-TO-DATE
> Task :package_info_plus:mergeDebugShaders UP-TO-DATE
> Task :package_info_plus:compileDebugShaders NO-SOURCE
> Task :package_info_plus:generateDebugAssets UP-TO-DATE
> Task :package_info_plus:mergeDebugAssets UP-TO-DATE
> Task :path_provider_android:mergeDebugShaders UP-TO-DATE
> Task :path_provider_android:compileDebugShaders NO-SOURCE
> Task :path_provider_android:generateDebugAssets UP-TO-DATE
> Task :path_provider_android:mergeDebugAssets UP-TO-DATE
> Task :permission_handler_android:mergeDebugShaders UP-TO-DATE
> Task :permission_handler_android:compileDebugShaders NO-SOURCE
> Task :permission_handler_android:generateDebugAssets UP-TO-DATE
> Task :permission_handler_android:mergeDebugAssets UP-TO-DATE
> Task :sentry_flutter:mergeDebugShaders UP-TO-DATE
> Task :sentry_flutter:compileDebugShaders NO-SOURCE
> Task :sentry_flutter:generateDebugAssets UP-TO-DATE
> Task :sentry_flutter:mergeDebugAssets UP-TO-DATE
> Task :share_plus:mergeDebugShaders UP-TO-DATE
> Task :share_plus:compileDebugShaders NO-SOURCE
> Task :share_plus:generateDebugAssets UP-TO-DATE
> Task :share_plus:mergeDebugAssets UP-TO-DATE
> Task :shared_preferences_android:mergeDebugShaders UP-TO-DATE
> Task :shared_preferences_android:compileDebugShaders NO-SOURCE
> Task :shared_preferences_android:generateDebugAssets UP-TO-DATE
> Task :shared_preferences_android:mergeDebugAssets UP-TO-DATE
> Task :speech_to_text:mergeDebugShaders UP-TO-DATE
> Task :speech_to_text:compileDebugShaders NO-SOURCE
> Task :speech_to_text:generateDebugAssets UP-TO-DATE
> Task :speech_to_text:mergeDebugAssets UP-TO-DATE
> Task :sqflite_android:mergeDebugShaders UP-TO-DATE
> Task :sqflite_android:compileDebugShaders NO-SOURCE
> Task :sqflite_android:generateDebugAssets UP-TO-DATE
> Task :sqflite_android:mergeDebugAssets UP-TO-DATE
> Task :uri_content:mergeDebugShaders UP-TO-DATE
> Task :uri_content:compileDebugShaders NO-SOURCE
> Task :uri_content:generateDebugAssets UP-TO-DATE
> Task :uri_content:mergeDebugAssets UP-TO-DATE
> Task :url_launcher_android:mergeDebugShaders UP-TO-DATE
> Task :url_launcher_android:compileDebugShaders NO-SOURCE
> Task :url_launcher_android:generateDebugAssets UP-TO-DATE
> Task :url_launcher_android:mergeDebugAssets UP-TO-DATE
> Task :webview_flutter_android:mergeDebugShaders UP-TO-DATE
> Task :webview_flutter_android:compileDebugShaders NO-SOURCE
> Task :webview_flutter_android:generateDebugAssets UP-TO-DATE
> Task :webview_flutter_android:mergeDebugAssets UP-TO-DATE
> Task :app:mergeDevDebugAssets
> Task :app:copyFlutterAssetsDevDebug
> Task :app:generateDevDebugResValues UP-TO-DATE
> Task :app_links:generateDebugResValues UP-TO-DATE
> Task :app_links:generateDebugResources UP-TO-DATE
> Task :app_links:packageDebugResources UP-TO-DATE
> Task :croppy:generateDebugResValues UP-TO-DATE
> Task :croppy:generateDebugResources UP-TO-DATE
> Task :croppy:packageDebugResources UP-TO-DATE
> Task :flutter_contacts:generateDebugResValues UP-TO-DATE
> Task :flutter_contacts:generateDebugResources UP-TO-DATE
> Task :flutter_contacts:packageDebugResources UP-TO-DATE
> Task :flutter_image_compress_common:generateDebugResValues UP-TO-DATE
> Task :flutter_image_compress_common:generateDebugResources UP-TO-DATE
> Task :flutter_image_compress_common:packageDebugResources UP-TO-DATE
> Task :flutter_localization:generateDebugResValues UP-TO-DATE
> Task :flutter_localization:generateDebugResources UP-TO-DATE
> Task :flutter_localization:packageDebugResources UP-TO-DATE
> Task :flutter_plugin_android_lifecycle:generateDebugResValues UP-TO-DATE
> Task :flutter_plugin_android_lifecycle:generateDebugResources UP-TO-DATE
> Task :flutter_plugin_android_lifecycle:packageDebugResources UP-TO-DATE
> Task :flutter_secure_storage:generateDebugResValues UP-TO-DATE
> Task :flutter_secure_storage:generateDebugResources UP-TO-DATE
> Task :flutter_secure_storage:packageDebugResources UP-TO-DATE
> Task :google_mobile_ads:generateDebugResValues UP-TO-DATE
> Task :google_mobile_ads:generateDebugResources UP-TO-DATE
> Task :google_mobile_ads:packageDebugResources UP-TO-DATE
> Task :google_sign_in_android:generateDebugResValues UP-TO-DATE
> Task :google_sign_in_android:generateDebugResources UP-TO-DATE
> Task :google_sign_in_android:packageDebugResources UP-TO-DATE
> Task :home_widget:generateDebugResValues UP-TO-DATE
> Task :home_widget:generateDebugResources UP-TO-DATE
> Task :home_widget:packageDebugResources UP-TO-DATE
> Task :image_picker_android:generateDebugResValues UP-TO-DATE
> Task :image_picker_android:generateDebugResources UP-TO-DATE
> Task :image_picker_android:packageDebugResources UP-TO-DATE
> Task :jni:generateDebugResValues UP-TO-DATE
> Task :jni:generateDebugResources UP-TO-DATE
> Task :jni:packageDebugResources UP-TO-DATE
> Task :open_filex:generateDebugResValues UP-TO-DATE
> Task :open_filex:generateDebugResources UP-TO-DATE
> Task :open_filex:packageDebugResources UP-TO-DATE
> Task :package_info_plus:generateDebugResValues UP-TO-DATE
> Task :package_info_plus:generateDebugResources UP-TO-DATE
> Task :package_info_plus:packageDebugResources UP-TO-DATE
> Task :path_provider_android:generateDebugResValues UP-TO-DATE
> Task :path_provider_android:generateDebugResources UP-TO-DATE
> Task :path_provider_android:packageDebugResources UP-TO-DATE
> Task :permission_handler_android:generateDebugResValues UP-TO-DATE
> Task :permission_handler_android:generateDebugResources UP-TO-DATE
> Task :permission_handler_android:packageDebugResources UP-TO-DATE
> Task :sentry_flutter:generateDebugResValues UP-TO-DATE
> Task :sentry_flutter:generateDebugResources UP-TO-DATE
> Task :sentry_flutter:packageDebugResources UP-TO-DATE
> Task :share_plus:generateDebugResValues UP-TO-DATE
> Task :share_plus:generateDebugResources UP-TO-DATE
> Task :share_plus:packageDebugResources UP-TO-DATE
> Task :shared_preferences_android:generateDebugResValues UP-TO-DATE
> Task :shared_preferences_android:generateDebugResources UP-TO-DATE
> Task :shared_preferences_android:packageDebugResources UP-TO-DATE
> Task :speech_to_text:generateDebugResValues UP-TO-DATE
> Task :speech_to_text:generateDebugResources UP-TO-DATE
> Task :speech_to_text:packageDebugResources UP-TO-DATE
> Task :sqflite_android:generateDebugResValues UP-TO-DATE
> Task :sqflite_android:generateDebugResources UP-TO-DATE
> Task :sqflite_android:packageDebugResources UP-TO-DATE
> Task :uri_content:generateDebugResValues UP-TO-DATE
> Task :uri_content:generateDebugResources UP-TO-DATE
> Task :uri_content:packageDebugResources UP-TO-DATE
> Task :url_launcher_android:generateDebugResValues UP-TO-DATE
> Task :url_launcher_android:generateDebugResources UP-TO-DATE
> Task :url_launcher_android:packageDebugResources UP-TO-DATE
> Task :webview_flutter_android:generateDebugResValues UP-TO-DATE
> Task :webview_flutter_android:generateDebugResources UP-TO-DATE
> Task :webview_flutter_android:packageDebugResources UP-TO-DATE
> Task :app:mapDevDebugSourceSetPaths UP-TO-DATE
> Task :app:generateDevDebugResources UP-TO-DATE
> Task :app:mergeDevDebugResources UP-TO-DATE
> Task :app:packageDevDebugResources UP-TO-DATE
> Task :app:parseDevDebugLocalResources UP-TO-DATE
> Task :app:createDevDebugCompatibleScreenManifests
> Task :app:extractDeepLinksDevDebug UP-TO-DATE
> Task :app_links:extractDeepLinksDebug UP-TO-DATE
> Task :app_links:processDebugManifest UP-TO-DATE
> Task :croppy:extractDeepLinksDebug UP-TO-DATE
> Task :croppy:processDebugManifest UP-TO-DATE
> Task :flutter_contacts:extractDeepLinksDebug UP-TO-DATE
> Task :flutter_contacts:processDebugManifest UP-TO-DATE
> Task :flutter_image_compress_common:extractDeepLinksDebug UP-TO-DATE
> Task :flutter_image_compress_common:processDebugManifest UP-TO-DATE
> Task :flutter_localization:extractDeepLinksDebug UP-TO-DATE
> Task :flutter_localization:processDebugManifest UP-TO-DATE
> Task :flutter_plugin_android_lifecycle:extractDeepLinksDebug UP-TO-DATE
> Task :flutter_plugin_android_lifecycle:processDebugManifest UP-TO-DATE
> Task :flutter_secure_storage:extractDeepLinksDebug UP-TO-DATE
> Task :flutter_secure_storage:processDebugManifest UP-TO-DATE
> Task :google_mobile_ads:extractDeepLinksDebug UP-TO-DATE
> Task :google_mobile_ads:processDebugManifest UP-TO-DATE
> Task :google_sign_in_android:extractDeepLinksDebug UP-TO-DATE
> Task :google_sign_in_android:processDebugManifest UP-TO-DATE
> Task :home_widget:extractDeepLinksDebug UP-TO-DATE
> Task :home_widget:processDebugManifest UP-TO-DATE
> Task :image_picker_android:extractDeepLinksDebug UP-TO-DATE
> Task :image_picker_android:processDebugManifest UP-TO-DATE
> Task :jni:extractDeepLinksDebug UP-TO-DATE
> Task :jni:processDebugManifest UP-TO-DATE
> Task :open_filex:extractDeepLinksDebug UP-TO-DATE
> Task :open_filex:processDebugManifest UP-TO-DATE
> Task :package_info_plus:extractDeepLinksDebug UP-TO-DATE
> Task :package_info_plus:processDebugManifest UP-TO-DATE
> Task :path_provider_android:extractDeepLinksDebug UP-TO-DATE
> Task :path_provider_android:processDebugManifest UP-TO-DATE
> Task :permission_handler_android:extractDeepLinksDebug UP-TO-DATE
> Task :permission_handler_android:processDebugManifest UP-TO-DATE
> Task :sentry_flutter:extractDeepLinksDebug UP-TO-DATE
> Task :sentry_flutter:processDebugManifest UP-TO-DATE
> Task :share_plus:extractDeepLinksDebug UP-TO-DATE
> Task :share_plus:processDebugManifest UP-TO-DATE
> Task :shared_preferences_android:extractDeepLinksDebug UP-TO-DATE
> Task :shared_preferences_android:processDebugManifest UP-TO-DATE
> Task :speech_to_text:extractDeepLinksDebug UP-TO-DATE
> Task :speech_to_text:processDebugManifest UP-TO-DATE
> Task :sqflite_android:extractDeepLinksDebug UP-TO-DATE
> Task :sqflite_android:processDebugManifest UP-TO-DATE
> Task :uri_content:extractDeepLinksDebug UP-TO-DATE
> Task :uri_content:processDebugManifest UP-TO-DATE
> Task :url_launcher_android:extractDeepLinksDebug UP-TO-DATE
> Task :url_launcher_android:processDebugManifest UP-TO-DATE
> Task :webview_flutter_android:extractDeepLinksDebug UP-TO-DATE
> Task :webview_flutter_android:processDebugManifest UP-TO-DATE
> Task :app:processDevDebugMainManifest UP-TO-DATE
> Task :app:outputDevDebugAppLinkSettings UP-TO-DATE
> Task :app:processDevDebugManifest
> Task :app:processDevDebugManifestForPackage UP-TO-DATE
> Task :app_links:compileDebugLibraryResources UP-TO-DATE
> Task :app_links:parseDebugLocalResources UP-TO-DATE
> Task :app_links:generateDebugRFile UP-TO-DATE
> Task :croppy:compileDebugLibraryResources UP-TO-DATE
> Task :croppy:parseDebugLocalResources UP-TO-DATE
> Task :croppy:generateDebugRFile UP-TO-DATE
> Task :flutter_contacts:compileDebugLibraryResources UP-TO-DATE
> Task :flutter_contacts:parseDebugLocalResources UP-TO-DATE
> Task :flutter_contacts:generateDebugRFile UP-TO-DATE
> Task :flutter_image_compress_common:compileDebugLibraryResources UP-TO-DATE
> Task :flutter_image_compress_common:parseDebugLocalResources UP-TO-DATE
> Task :flutter_image_compress_common:generateDebugRFile UP-TO-DATE
> Task :flutter_localization:compileDebugLibraryResources UP-TO-DATE
> Task :flutter_localization:parseDebugLocalResources UP-TO-DATE
> Task :flutter_localization:generateDebugRFile UP-TO-DATE
> Task :flutter_plugin_android_lifecycle:compileDebugLibraryResources UP-TO-DATE
> Task :flutter_plugin_android_lifecycle:parseDebugLocalResources UP-TO-DATE
> Task :flutter_plugin_android_lifecycle:generateDebugRFile UP-TO-DATE
> Task :flutter_secure_storage:compileDebugLibraryResources UP-TO-DATE
> Task :flutter_secure_storage:parseDebugLocalResources UP-TO-DATE
> Task :flutter_secure_storage:generateDebugRFile UP-TO-DATE
> Task :google_mobile_ads:compileDebugLibraryResources UP-TO-DATE
> Task :google_mobile_ads:parseDebugLocalResources UP-TO-DATE
> Task :google_mobile_ads:generateDebugRFile UP-TO-DATE
> Task :google_sign_in_android:compileDebugLibraryResources UP-TO-DATE
> Task :google_sign_in_android:parseDebugLocalResources UP-TO-DATE
> Task :google_sign_in_android:generateDebugRFile UP-TO-DATE
> Task :home_widget:compileDebugLibraryResources UP-TO-DATE
> Task :home_widget:parseDebugLocalResources UP-TO-DATE
> Task :home_widget:generateDebugRFile UP-TO-DATE
> Task :image_picker_android:compileDebugLibraryResources UP-TO-DATE
> Task :image_picker_android:parseDebugLocalResources UP-TO-DATE
> Task :image_picker_android:generateDebugRFile UP-TO-DATE
> Task :jni:compileDebugLibraryResources UP-TO-DATE
> Task :jni:parseDebugLocalResources UP-TO-DATE
> Task :jni:generateDebugRFile UP-TO-DATE
> Task :open_filex:compileDebugLibraryResources UP-TO-DATE
> Task :open_filex:parseDebugLocalResources UP-TO-DATE
> Task :open_filex:generateDebugRFile UP-TO-DATE
> Task :package_info_plus:compileDebugLibraryResources UP-TO-DATE
> Task :package_info_plus:parseDebugLocalResources UP-TO-DATE
> Task :package_info_plus:generateDebugRFile UP-TO-DATE
> Task :path_provider_android:compileDebugLibraryResources UP-TO-DATE
> Task :path_provider_android:parseDebugLocalResources UP-TO-DATE
> Task :path_provider_android:generateDebugRFile UP-TO-DATE
> Task :permission_handler_android:compileDebugLibraryResources UP-TO-DATE
> Task :permission_handler_android:parseDebugLocalResources UP-TO-DATE
> Task :permission_handler_android:generateDebugRFile UP-TO-DATE
> Task :sentry_flutter:compileDebugLibraryResources UP-TO-DATE
> Task :sentry_flutter:parseDebugLocalResources UP-TO-DATE
> Task :sentry_flutter:generateDebugRFile UP-TO-DATE
> Task :share_plus:compileDebugLibraryResources UP-TO-DATE
> Task :share_plus:parseDebugLocalResources UP-TO-DATE
> Task :share_plus:generateDebugRFile UP-TO-DATE
> Task :shared_preferences_android:compileDebugLibraryResources UP-TO-DATE
> Task :shared_preferences_android:parseDebugLocalResources UP-TO-DATE
> Task :shared_preferences_android:generateDebugRFile UP-TO-DATE
> Task :speech_to_text:compileDebugLibraryResources UP-TO-DATE
> Task :speech_to_text:parseDebugLocalResources UP-TO-DATE
> Task :speech_to_text:generateDebugRFile UP-TO-DATE
> Task :sqflite_android:compileDebugLibraryResources UP-TO-DATE
> Task :sqflite_android:parseDebugLocalResources UP-TO-DATE
> Task :sqflite_android:generateDebugRFile UP-TO-DATE
> Task :uri_content:compileDebugLibraryResources UP-TO-DATE
> Task :uri_content:parseDebugLocalResources UP-TO-DATE
> Task :uri_content:generateDebugRFile UP-TO-DATE
> Task :url_launcher_android:compileDebugLibraryResources UP-TO-DATE
> Task :url_launcher_android:parseDebugLocalResources UP-TO-DATE
> Task :url_launcher_android:generateDebugRFile UP-TO-DATE
> Task :webview_flutter_android:compileDebugLibraryResources UP-TO-DATE
> Task :webview_flutter_android:parseDebugLocalResources UP-TO-DATE
> Task :webview_flutter_android:generateDebugRFile UP-TO-DATE
> Task :app_links:javaPreCompileDebug UP-TO-DATE
> Task :app_links:compileDebugJavaWithJavac UP-TO-DATE
> Task :app_links:bundleLibCompileToJarDebug UP-TO-DATE
> Task :croppy:javaPreCompileDebug UP-TO-DATE
> Task :croppy:compileDebugJavaWithJavac NO-SOURCE
> Task :croppy:bundleLibCompileToJarDebug UP-TO-DATE
> Task :flutter_contacts:checkKotlinGradlePluginConfigurationErrors SKIPPED
> Task :flutter_contacts:compileDebugKotlin UP-TO-DATE
> Task :flutter_contacts:javaPreCompileDebug UP-TO-DATE
> Task :flutter_contacts:compileDebugJavaWithJavac NO-SOURCE
> Task :flutter_contacts:bundleLibCompileToJarDebug UP-TO-DATE
> Task :flutter_image_compress_common:checkKotlinGradlePluginConfigurationErrors SKIPPED
> Task :flutter_image_compress_common:compileDebugKotlin UP-TO-DATE
> Task :flutter_image_compress_common:javaPreCompileDebug UP-TO-DATE
> Task :flutter_image_compress_common:compileDebugJavaWithJavac UP-TO-DATE
> Task :flutter_image_compress_common:bundleLibCompileToJarDebug UP-TO-DATE
> Task :flutter_localization:checkKotlinGradlePluginConfigurationErrors SKIPPED
> Task :flutter_localization:compileDebugKotlin UP-TO-DATE
> Task :flutter_localization:javaPreCompileDebug UP-TO-DATE
> Task :flutter_localization:compileDebugJavaWithJavac NO-SOURCE
> Task :flutter_localization:bundleLibCompileToJarDebug UP-TO-DATE
> Task :flutter_plugin_android_lifecycle:javaPreCompileDebug UP-TO-DATE
> Task :flutter_plugin_android_lifecycle:compileDebugJavaWithJavac UP-TO-DATE
> Task :flutter_plugin_android_lifecycle:bundleLibCompileToJarDebug UP-TO-DATE
> Task :flutter_secure_storage:generateDebugBuildConfig UP-TO-DATE
> Task :flutter_secure_storage:javaPreCompileDebug UP-TO-DATE
> Task :flutter_secure_storage:compileDebugJavaWithJavac UP-TO-DATE
> Task :flutter_secure_storage:bundleLibCompileToJarDebug UP-TO-DATE
> Task :google_mobile_ads:javaPreCompileDebug UP-TO-DATE
> Task :webview_flutter_android:checkKotlinGradlePluginConfigurationErrors SKIPPED
> Task :webview_flutter_android:compileDebugKotlin UP-TO-DATE
> Task :webview_flutter_android:javaPreCompileDebug UP-TO-DATE
> Task :webview_flutter_android:compileDebugJavaWithJavac UP-TO-DATE
> Task :webview_flutter_android:bundleLibCompileToJarDebug UP-TO-DATE
> Task :google_mobile_ads:compileDebugJavaWithJavac UP-TO-DATE
> Task :google_mobile_ads:bundleLibCompileToJarDebug UP-TO-DATE
> Task :google_sign_in_android:checkKotlinGradlePluginConfigurationErrors SKIPPED
> Task :google_sign_in_android:compileDebugKotlin UP-TO-DATE
> Task :google_sign_in_android:javaPreCompileDebug UP-TO-DATE
> Task :google_sign_in_android:compileDebugJavaWithJavac UP-TO-DATE
> Task :google_sign_in_android:bundleLibCompileToJarDebug UP-TO-DATE
> Task :home_widget:checkKotlinGradlePluginConfigurationErrors SKIPPED
> Task :home_widget:compileDebugKotlin UP-TO-DATE
> Task :home_widget:javaPreCompileDebug UP-TO-DATE
> Task :home_widget:compileDebugJavaWithJavac NO-SOURCE
> Task :home_widget:bundleLibCompileToJarDebug UP-TO-DATE
> Task :image_picker_android:javaPreCompileDebug UP-TO-DATE
> Task :image_picker_android:compileDebugJavaWithJavac UP-TO-DATE
> Task :image_picker_android:bundleLibCompileToJarDebug UP-TO-DATE
> Task :jni:javaPreCompileDebug UP-TO-DATE
> Task :jni:compileDebugJavaWithJavac UP-TO-DATE
> Task :jni:bundleLibCompileToJarDebug UP-TO-DATE
> Task :open_filex:javaPreCompileDebug UP-TO-DATE
> Task :open_filex:compileDebugJavaWithJavac UP-TO-DATE
> Task :open_filex:bundleLibCompileToJarDebug UP-TO-DATE
> Task :package_info_plus:checkKotlinGradlePluginConfigurationErrors SKIPPED
> Task :package_info_plus:compileDebugKotlin UP-TO-DATE
> Task :package_info_plus:javaPreCompileDebug UP-TO-DATE
> Task :package_info_plus:compileDebugJavaWithJavac NO-SOURCE
> Task :package_info_plus:bundleLibCompileToJarDebug UP-TO-DATE
> Task :path_provider_android:javaPreCompileDebug UP-TO-DATE
> Task :path_provider_android:compileDebugJavaWithJavac UP-TO-DATE
> Task :path_provider_android:bundleLibCompileToJarDebug UP-TO-DATE
> Task :permission_handler_android:javaPreCompileDebug UP-TO-DATE
> Task :permission_handler_android:compileDebugJavaWithJavac UP-TO-DATE
> Task :permission_handler_android:bundleLibCompileToJarDebug UP-TO-DATE
> Task :sentry_flutter:checkKotlinGradlePluginConfigurationErrors SKIPPED
> Task :sentry_flutter:compileDebugKotlin UP-TO-DATE
> Task :sentry_flutter:javaPreCompileDebug UP-TO-DATE
> Task :sentry_flutter:compileDebugJavaWithJavac NO-SOURCE
> Task :sentry_flutter:bundleLibCompileToJarDebug UP-TO-DATE
> Task :share_plus:checkKotlinGradlePluginConfigurationErrors SKIPPED
> Task :share_plus:compileDebugKotlin UP-TO-DATE
> Task :share_plus:javaPreCompileDebug UP-TO-DATE
> Task :share_plus:compileDebugJavaWithJavac NO-SOURCE
> Task :share_plus:bundleLibCompileToJarDebug UP-TO-DATE
> Task :shared_preferences_android:checkKotlinGradlePluginConfigurationErrors SKIPPED
> Task :shared_preferences_android:compileDebugKotlin UP-TO-DATE
> Task :shared_preferences_android:javaPreCompileDebug UP-TO-DATE
> Task :shared_preferences_android:compileDebugJavaWithJavac UP-TO-DATE
> Task :shared_preferences_android:bundleLibCompileToJarDebug UP-TO-DATE
> Task :speech_to_text:checkKotlinGradlePluginConfigurationErrors SKIPPED
> Task :speech_to_text:compileDebugKotlin UP-TO-DATE
> Task :speech_to_text:javaPreCompileDebug UP-TO-DATE
> Task :speech_to_text:compileDebugJavaWithJavac NO-SOURCE
> Task :speech_to_text:bundleLibCompileToJarDebug UP-TO-DATE
> Task :sqflite_android:javaPreCompileDebug UP-TO-DATE
> Task :sqflite_android:compileDebugJavaWithJavac UP-TO-DATE
> Task :sqflite_android:bundleLibCompileToJarDebug UP-TO-DATE
> Task :uri_content:checkKotlinGradlePluginConfigurationErrors SKIPPED
> Task :uri_content:compileDebugKotlin UP-TO-DATE
> Task :uri_content:javaPreCompileDebug UP-TO-DATE
> Task :uri_content:compileDebugJavaWithJavac NO-SOURCE
> Task :uri_content:bundleLibCompileToJarDebug UP-TO-DATE
> Task :url_launcher_android:generateDebugBuildConfig UP-TO-DATE
> Task :url_launcher_android:javaPreCompileDebug UP-TO-DATE
> Task :url_launcher_android:compileDebugJavaWithJavac UP-TO-DATE
> Task :url_launcher_android:bundleLibCompileToJarDebug UP-TO-DATE
> Task :app:processDevDebugResources

> Task :app:compileDevDebugKotlin
w: file:///Users/achsetiawan/Projects/Duitku/app_saku_rapi/android/app/src/main/kotlin/com/example/app_saku_rapi/widget/SakuRapiWidgetProvider.kt:48:80 'constructor(p0: String!, p1: String!): Locale' is deprecated. Deprecated in Java.

[Incubating] Problems report is available at: file:///Users/achsetiawan/Projects/Duitku/app_saku_rapi/build/reports/problems/problems-report.html

Deprecated Gradle features were used in this build, making it incompatible with Gradle 9.0.

You can use '--warning-mode all' to show the individual deprecation warnings and determine if they come from your own scripts or plugins.

For more on this, please refer to https://docs.gradle.org/8.14/userguide/command_line_interface.html#sec:command_line_warnings in the Gradle documentation.

BUILD SUCCESSFUL in 11s
366 actionable tasks: 8 executed, 358 up-to-date
